[18May2026 20:39:49.721] [main/INFO] [cpw.mods.modlauncher.Launcher/MODLAUNCHER]: ModLauncher running: args [--launchTarget, forgeclientdev, --version, 21.1.230, --assetIndex, asset-index, --assetsDir, C:\Users\uesrk\.gradle\caches\minecraft\assets, --gameDir, ., --fml.fmlVersion, 4.0.42, --fml.mcVersion, 1.21.1, --fml.neoForgeVersion, 21.1.230, --fml.neoFormVersion, 20240808.144430]
[18May2026 20:39:49.757] [main/INFO] [cpw.mods.modlauncher.Launcher/MODLAUNCHER]: JVM identified as Microsoft OpenJDK 64-Bit Server VM 21.0.8+9-LTS
[18May2026 20:39:49.771] [main/INFO] [cpw.mods.modlauncher.Launcher/MODLAUNCHER]: ModLauncher 11.0.5+main.901c6ea8 starting: java version 21.0.8 by Microsoft; OS Windows 10 arch amd64 version 10.0
[18May2026 20:39:50.452] [main/INFO] [net.neoforged.fml.loading.ImmediateWindowHandler/]: Loading ImmediateWindowProvider fmlearlywindow
[18May2026 20:39:50.996] [main/INFO] [EARLYDISPLAY/]: Trying GL version 4.6
[18May2026 20:39:51.601] [main/INFO] [EARLYDISPLAY/]: Requested GL version 4.6 got version 4.6
[18May2026 20:39:51.972] [main/INFO] [mixin/]: SpongePowered MIXIN Subsystem Version=0.8.7 Source=union:/C:/Users/uesrk/.gradle/caches/modules-2/files-2.1/net.fabricmc/sponge-mixin/0.15.2+mixin.0.8.7/2af2f021d8e02a0220dc27a7a72b4666d66d44ca/sponge-mixin-0.15.2+mixin.0.8.7.jar%23142!/ Service=ModLauncher Env=CLIENT
[18May2026 20:39:52.497] [main/INFO] [net.neoforged.fml.loading.moddiscovery.ModDiscoverer/SCAN]: Found mod file "neoforge-21.1.230.jar" [locator: neoforge devenv provider ([F:\Minecraft\Custom Mods\TaCZCompatCustomGunforModpack\.gradle\repositories\ng_dummy_ng\net\neoforged\neoforge\21.1.230\neoforge-21.1.230.jar])]
[18May2026 20:39:52.583] [main/INFO] [net.neoforged.fml.loading.moddiscovery.ModDiscoverer/SCAN]: Found mod file "neoforge-21.1.230.jar" [locator: neoforge devenv provider ([F:\Minecraft\Custom Mods\TaCZCompatCustomGunforModpack\.gradle\repositories\ng_dummy_ng\net\neoforged\neoforge\21.1.230\neoforge-21.1.230.jar])]
[18May2026 20:39:52.623] [main/INFO] [net.neoforged.fml.loading.moddiscovery.ModDiscoverer/SCAN]: Found mod file "main" [locator: userdev mods and services, reader: mod manifest]
[18May2026 20:39:52.678] [main/INFO] [net.neoforged.fml.loading.moddiscovery.ModDiscoverer/SCAN]: Found mod file "neoforge-21.1.230.jar" [locator: userdev mods and services, reader: mod manifest]
[18May2026 20:39:52.728] [pool-2-thread-1/INFO] [EARLYDISPLAY/]: GL info: NVIDIA GeForce GTX 1050/PCIe/SSE2 GL version 4.6.0 NVIDIA 580.97, NVIDIA Corporation
[18May2026 20:39:53.102] [main/INFO] [net.neoforged.fml.loading.moddiscovery.ModDiscoverer/SCAN]: Found gamelibrary file "mixinextras-neoforge-0.5.3.jar" [locator: userdev mods and services, reader: mod manifest]
[18May2026 20:39:53.574] [main/WARN] [net.neoforged.jarjar.selection.JarSelector/]: Attempted to select a dependency jar for JarJar which was passed in as source: library:mixinextras.neoforge. Using Mod File: C:\Users\uesrk\.gradle\caches\modules-2\files-2.1\io.github.llamalad7\mixinextras-neoforge\0.5.3\a0919957808de97707c5fb4ce073e66aeef3e187\mixinextras-neoforge-0.5.3.jar
[18May2026 20:39:53.579] [main/INFO] [net.neoforged.fml.loading.moddiscovery.locators.JarInJarDependencyLocator/]: Found 1 dependencies adding them to mods collection
[18May2026 20:39:53.580] [main/INFO] [net.neoforged.fml.loading.moddiscovery.ModDiscoverer/SCAN]: Found library file "net.neoforged.neoforge-coremods-21.1.230.jar" [parent: neoforge-21.1.230.jar, locator: jarinjar, reader: mod manifest]
[18May2026 20:39:53.599] [main/INFO] [net.neoforged.fml.loading.moddiscovery.ModDiscoverer/]: 
     Mod List:
		Name Version (Mod Id)

		Minecraft 1.21.1 (minecraft)
		NeoForge 21.1.230 (neoforge)
		TaCZ Runtime Compat 1.0.0 (taczruntimecompat)
[18May2026 20:39:56.290] [main/INFO] [mixin/]: Compatibility level set to JAVA_21
[18May2026 20:39:56.299] [main/INFO] [cpw.mods.modlauncher.LaunchServiceHandler/MODLAUNCHER]: Launching target 'forgeclientdev' with arguments [--version, 21.1.230, --gameDir, ., --assetsDir, C:\Users\uesrk\.gradle\caches\minecraft\assets, --assetIndex, asset-index]
[18May2026 20:39:56.435] [main/WARN] [mixin/]: Reference map 'taczruntimecompat.refmap.json' for taczruntimecompat.mixins.json could not be read. If this is a development environment you can ignore this message
[18May2026 20:39:57.140] [main/WARN] [mixin/]: Error loading class: com/tacz/timelessandclassics/resource/GunPackLoader (java.lang.ClassNotFoundException: com.tacz.timelessandclassics.resource.GunPackLoader)
[18May2026 20:39:59.505] [main/INFO] [MixinExtras|Service/]: Initializing MixinExtras via com.llamalad7.mixinextras.service.MixinExtrasServiceImpl(version=0.5.3).
[18May2026 20:40:05.435] [Datafixer Bootstrap/INFO] [com.mojang.datafixers.DataFixerBuilder/]: 229 Datafixer optimizations took 2771 milliseconds
[18May2026 20:40:21.089] [main/WARN] [net.minecraft.commands.Commands/]: Ambiguity between arguments [teleport, location] and [teleport, destination] with inputs: [0.1 -0.5 .9, 0 0 0]
[18May2026 20:40:21.093] [main/WARN] [net.minecraft.commands.Commands/]: Ambiguity between arguments [teleport, location] and [teleport, targets] with inputs: [0.1 -0.5 .9, 0 0 0]
[18May2026 20:40:21.098] [main/WARN] [net.minecraft.commands.Commands/]: Ambiguity between arguments [teleport, destination] and [teleport, targets] with inputs: [Player, 0123, @e, dd12be42-52a9-4a91-a8a1-11c01849e498]
[18May2026 20:40:21.102] [main/WARN] [net.minecraft.commands.Commands/]: Ambiguity between arguments [teleport, targets] and [teleport, destination] with inputs: [Player, 0123, dd12be42-52a9-4a91-a8a1-11c01849e498]
[18May2026 20:40:21.106] [main/WARN] [net.minecraft.commands.Commands/]: Ambiguity between arguments [teleport, targets, location] and [teleport, targets, destination] with inputs: [0.1 -0.5 .9, 0 0 0]
[18May2026 20:40:22.124] [Render thread/WARN] [net.minecraft.server.packs.VanillaPackResourcesBuilder/]: Assets URL 'union:/F:/Minecraft/Custom%20Mods/TaCZCompatCustomGunforModpack/.gradle/repositories/ng_dummy_ng/net/neoforged/neoforge/21.1.230/neoforge-21.1.230.jar%23195!/assets/.mcassetsroot' uses unexpected schema
[18May2026 20:40:22.131] [Render thread/WARN] [net.minecraft.server.packs.VanillaPackResourcesBuilder/]: Assets URL 'union:/F:/Minecraft/Custom%20Mods/TaCZCompatCustomGunforModpack/.gradle/repositories/ng_dummy_ng/net/neoforged/neoforge/21.1.230/neoforge-21.1.230.jar%23195!/data/.mcassetsroot' uses unexpected schema
[18May2026 20:40:22.218] [Render thread/INFO] [com.mojang.authlib.yggdrasil.YggdrasilAuthenticationService/]: Environment: Environment[sessionHost=https://sessionserver.mojang.com, servicesHost=https://api.minecraftservices.com, name=PROD]
[18May2026 20:40:22.233] [Render thread/INFO] [net.minecraft.client.Minecraft/]: Setting user: Dev
[18May2026 20:40:22.429] [Render thread/INFO] [net.minecraft.client.Minecraft/]: Backend library: LWJGL version 3.3.3+5
[18May2026 20:40:22.992] [modloading-worker-0/INFO] [taczruntimecompat/]: [TaCZRuntimeCompat] Loaded. ResourceLocation sanitization is active.
[18May2026 20:40:23.019] [modloading-worker-0/INFO] [net.neoforged.neoforge.common.NeoForgeMod/NEOFORGE-MOD]: NeoForge mod loading, version 21.1.230, for MC 1.21.1
[18May2026 20:40:24.514] [Render thread/INFO] [net.neoforged.neoforge.gametest.GameTestHooks/]: Enabled Gametest Namespaces: [taczruntimecompat]
[18May2026 20:40:24.868] [Render thread/INFO] [net.minecraft.server.packs.resources.ReloadableResourceManager/]: Reloading ResourceManager: vanilla, mod_resources, mod/taczruntimecompat, mod/neoforge
[18May2026 20:40:25.452] [Worker-Main-1/INFO] [net.minecraft.client.gui.font.providers.UnihexProvider/]: Found unifont_all_no_pua-15.1.05.hex, loading
[18May2026 20:40:26.532] [Worker-Main-1/INFO] [net.minecraft.client.gui.font.providers.UnihexProvider/]: Found unifont_jp_patch-15.1.05.hex, loading
[18May2026 20:40:32.972] [Render thread/WARN] [net.minecraft.client.sounds.SoundEngine/]: Missing sound for event: minecraft:item.goat_horn.play
[18May2026 20:40:32.973] [Render thread/WARN] [net.minecraft.client.sounds.SoundEngine/]: Missing sound for event: minecraft:entity.goat.screaming.horn_break
[18May2026 20:40:33.152] [Render thread/INFO] [com.mojang.blaze3d.audio.Library/]: OpenAL initialized on device OpenAL Soft on Speakers (Realtek High Definition Audio)
[18May2026 20:40:33.153] [Render thread/INFO] [net.minecraft.client.sounds.SoundEngine/SOUNDS]: Sound engine started
[18May2026 20:40:33.376] [Render thread/INFO] [net.minecraft.client.renderer.texture.TextureAtlas/]: Created: 1024x512x4 minecraft:textures/atlas/blocks.png-atlas
[18May2026 20:40:33.396] [Render thread/INFO] [net.minecraft.client.renderer.texture.TextureAtlas/]: Created: 256x256x4 minecraft:textures/atlas/signs.png-atlas
[18May2026 20:40:33.397] [Render thread/INFO] [net.minecraft.client.renderer.texture.TextureAtlas/]: Created: 512x512x4 minecraft:textures/atlas/shield_patterns.png-atlas
[18May2026 20:40:33.398] [Render thread/INFO] [net.minecraft.client.renderer.texture.TextureAtlas/]: Created: 512x512x4 minecraft:textures/atlas/banner_patterns.png-atlas
[18May2026 20:40:33.401] [Render thread/INFO] [net.minecraft.client.renderer.texture.TextureAtlas/]: Created: 1024x1024x4 minecraft:textures/atlas/armor_trims.png-atlas
[18May2026 20:40:33.407] [Render thread/INFO] [net.minecraft.client.renderer.texture.TextureAtlas/]: Created: 256x256x4 minecraft:textures/atlas/chest.png-atlas
[18May2026 20:40:33.408] [Render thread/INFO] [net.minecraft.client.renderer.texture.TextureAtlas/]: Created: 128x64x4 minecraft:textures/atlas/decorated_pot.png-atlas
[18May2026 20:40:33.412] [Render thread/INFO] [net.minecraft.client.renderer.texture.TextureAtlas/]: Created: 512x256x4 minecraft:textures/atlas/shulker_boxes.png-atlas
[18May2026 20:40:33.415] [Render thread/INFO] [net.minecraft.client.renderer.texture.TextureAtlas/]: Created: 512x256x4 minecraft:textures/atlas/beds.png-atlas
[18May2026 20:40:34.702] [Render thread/INFO] [net.minecraft.client.renderer.texture.TextureAtlas/]: Created: 512x256x0 minecraft:textures/atlas/particles.png-atlas
[18May2026 20:40:34.705] [Render thread/INFO] [net.minecraft.client.renderer.texture.TextureAtlas/]: Created: 512x256x0 minecraft:textures/atlas/paintings.png-atlas
[18May2026 20:40:34.705] [Render thread/INFO] [net.minecraft.client.renderer.texture.TextureAtlas/]: Created: 256x128x0 minecraft:textures/atlas/mob_effects.png-atlas
[18May2026 20:40:34.707] [Render thread/INFO] [net.minecraft.client.renderer.texture.TextureAtlas/]: Created: 64x64x0 minecraft:textures/atlas/map_decorations.png-atlas
[18May2026 20:40:34.708] [Render thread/INFO] [net.minecraft.client.renderer.texture.TextureAtlas/]: Created: 1024x512x0 minecraft:textures/atlas/gui.png-atlas
[18May2026 20:40:35.324] [Render thread/WARN] [net.minecraft.client.renderer.ShaderInstance/]: Shader rendertype_entity_translucent_emissive could not find sampler named Sampler2 in the specified shader program.
[18May2026 20:40:35.600] [Render thread/INFO] [net.neoforged.neoforge.client.entity.animation.json.AnimationLoader/]: Loaded 0 entity animations
[18May2026 20:40:49.214] [Render thread/INFO] [net.minecraft.world.item.crafting.RecipeManager/]: Loaded 1290 recipes
[18May2026 20:40:49.579] [Render thread/INFO] [net.minecraft.advancements.AdvancementTree/]: Loaded 1399 advancements
[18May2026 20:43:44.189] [Render thread/INFO] [net.minecraft.client.Minecraft/]: Stopping!
